Archive member included to satisfy reference by file (symbol)

c:/program files (x86)/atmel/studio/7.0/toolchain/avr8/avr8-gnu-toolchain/bin/../lib/gcc/avr/5.4.0/avr51\libgcc.a(_exit.o)
                              C:/Program Files (x86)/Atmel/Studio/7.0/Packs/Atmel/ATmega_DFP/2.4.522/gcc/dev/atmega1281/avr51/crtatmega1281.o (exit)
c:/program files (x86)/atmel/studio/7.0/toolchain/avr8/avr8-gnu-toolchain/bin/../lib/gcc/avr/5.4.0/avr51\libgcc.a(_copy_data.o)
                              uart.o (__do_copy_data)
c:/program files (x86)/atmel/studio/7.0/toolchain/avr8/avr8-gnu-toolchain/bin/../lib/gcc/avr/5.4.0/avr51\libgcc.a(_clear_bss.o)
                              uart.o (__do_clear_bss)
c:/program files (x86)/atmel/studio/7.0/toolchain/avr8/avr8-gnu-toolchain/bin/../lib/gcc/avr/5.4.0/../../../../avr/lib/avr51\libc.a(iob.o)
                              uart.o (__iob)

Allocating common symbols
Common symbol       size              file

__iob               0x6               c:/program files (x86)/atmel/studio/7.0/toolchain/avr8/avr8-gnu-toolchain/bin/../lib/gcc/avr/5.4.0/../../../../avr/lib/avr51\libc.a(iob.o)

Discarded input sections

 .data          0x00000000        0x0 C:/Program Files (x86)/Atmel/Studio/7.0/Packs/Atmel/ATmega_DFP/2.4.522/gcc/dev/atmega1281/avr51/crtatmega1281.o
 .bss           0x00000000        0x0 C:/Program Files (x86)/Atmel/Studio/7.0/Packs/Atmel/ATmega_DFP/2.4.522/gcc/dev/atmega1281/avr51/crtatmega1281.o
 .text          0x00000000        0x0 boot.o
 .data          0x00000000        0x0 boot.o
 .bss           0x00000000        0x0 boot.o
 .text          0x00000000        0x0 library.o
 .data          0x00000000        0x0 library.o
 .bss           0x00000000        0x0 library.o
 .text.myfunc   0x00000000        0x6 library.o
 .debug_info    0x00000000       0x7c library.o
 .debug_abbrev  0x00000000       0x46 library.o
 .debug_aranges
                0x00000000       0x20 library.o
 .debug_ranges  0x00000000       0x10 library.o
 .debug_line    0x00000000       0x42 library.o
 .debug_str     0x00000000      0x1a2 library.o
 .comment       0x00000000       0x31 library.o
 .debug_frame   0x00000000       0x24 library.o
 .text          0x00000000        0x0 main.o
 .data          0x00000000        0x0 main.o
 .bss           0x00000000        0x0 main.o
 .text          0x00000000        0x0 protocol.o
 .data          0x00000000        0x0 protocol.o
 .bss           0x00000000        0x0 protocol.o
 .text          0x00000000        0x0 uart.o
 .data          0x00000000        0x0 uart.o
 .bss           0x00000000        0x0 uart.o
 .text.USART0_Transmit
                0x00000000       0x2a uart.o
 .text.uart_putchar
                0x00000000        0xa uart.o
 .text.USART0_Receive
                0x00000000       0x24 uart.o
 .text.USART0_Available
                0x00000000       0x14 uart.o
 .text.UART_stdout_init
                0x00000000        0xe uart.o
 .data.uart_stdout
                0x00000000        0xe uart.o
 .text          0x00000000        0x0 c:/program files (x86)/atmel/studio/7.0/toolchain/avr8/avr8-gnu-toolchain/bin/../lib/gcc/avr/5.4.0/avr51\libgcc.a(_exit.o)
 .data          0x00000000        0x0 c:/program files (x86)/atmel/studio/7.0/toolchain/avr8/avr8-gnu-toolchain/bin/../lib/gcc/avr/5.4.0/avr51\libgcc.a(_exit.o)
 .bss           0x00000000        0x0 c:/program files (x86)/atmel/studio/7.0/toolchain/avr8/avr8-gnu-toolchain/bin/../lib/gcc/avr/5.4.0/avr51\libgcc.a(_exit.o)
 .text.libgcc.mul
                0x00000000        0x0 c:/program files (x86)/atmel/studio/7.0/toolchain/avr8/avr8-gnu-toolchain/bin/../lib/gcc/avr/5.4.0/avr51\libgcc.a(_exit.o)
 .text.libgcc.div
                0x00000000        0x0 c:/program files (x86)/atmel/studio/7.0/toolchain/avr8/avr8-gnu-toolchain/bin/../lib/gcc/avr/5.4.0/avr51\libgcc.a(_exit.o)
 .text.libgcc   0x00000000        0x0 c:/program files (x86)/atmel/studio/7.0/toolchain/avr8/avr8-gnu-toolchain/bin/../lib/gcc/avr/5.4.0/avr51\libgcc.a(_exit.o)
 .text.libgcc.prologue
                0x00000000        0x0 c:/program files (x86)/atmel/studio/7.0/toolchain/avr8/avr8-gnu-toolchain/bin/../lib/gcc/avr/5.4.0/avr51\libgcc.a(_exit.o)
 .text.libgcc.builtins
                0x00000000        0x0 c:/program files (x86)/atmel/studio/7.0/toolchain/avr8/avr8-gnu-toolchain/bin/../lib/gcc/avr/5.4.0/avr51\libgcc.a(_exit.o)
 .text.libgcc.fmul
                0x00000000        0x0 c:/program files (x86)/atmel/studio/7.0/toolchain/avr8/avr8-gnu-toolchain/bin/../lib/gcc/avr/5.4.0/avr51\libgcc.a(_exit.o)
 .text.libgcc.fixed
                0x00000000        0x0 c:/program files (x86)/atmel/studio/7.0/toolchain/avr8/avr8-gnu-toolchain/bin/../lib/gcc/avr/5.4.0/avr51\libgcc.a(_exit.o)
 .text          0x00000000        0x0 c:/program files (x86)/atmel/studio/7.0/toolchain/avr8/avr8-gnu-toolchain/bin/../lib/gcc/avr/5.4.0/avr51\libgcc.a(_copy_data.o)
 .data          0x00000000        0x0 c:/program files (x86)/atmel/studio/7.0/toolchain/avr8/avr8-gnu-toolchain/bin/../lib/gcc/avr/5.4.0/avr51\libgcc.a(_copy_data.o)
 .bss           0x00000000        0x0 c:/program files (x86)/atmel/studio/7.0/toolchain/avr8/avr8-gnu-toolchain/bin/../lib/gcc/avr/5.4.0/avr51\libgcc.a(_copy_data.o)
 .text.libgcc.mul
                0x00000000        0x0 c:/program files (x86)/atmel/studio/7.0/toolchain/avr8/avr8-gnu-toolchain/bin/../lib/gcc/avr/5.4.0/avr51\libgcc.a(_copy_data.o)
 .text.libgcc.div
                0x00000000        0x0 c:/program files (x86)/atmel/studio/7.0/toolchain/avr8/avr8-gnu-toolchain/bin/../lib/gcc/avr/5.4.0/avr51\libgcc.a(_copy_data.o)
 .text.libgcc   0x00000000        0x0 c:/program files (x86)/atmel/studio/7.0/toolchain/avr8/avr8-gnu-toolchain/bin/../lib/gcc/avr/5.4.0/avr51\libgcc.a(_copy_data.o)
 .text.libgcc.prologue
                0x00000000        0x0 c:/program files (x86)/atmel/studio/7.0/toolchain/avr8/avr8-gnu-toolchain/bin/../lib/gcc/avr/5.4.0/avr51\libgcc.a(_copy_data.o)
 .text.libgcc.builtins
                0x00000000        0x0 c:/program files (x86)/atmel/studio/7.0/toolchain/avr8/avr8-gnu-toolchain/bin/../lib/gcc/avr/5.4.0/avr51\libgcc.a(_copy_data.o)
 .text.libgcc.fmul
                0x00000000        0x0 c:/program files (x86)/atmel/studio/7.0/toolchain/avr8/avr8-gnu-toolchain/bin/../lib/gcc/avr/5.4.0/avr51\libgcc.a(_copy_data.o)
 .text.libgcc.fixed
                0x00000000        0x0 c:/program files (x86)/atmel/studio/7.0/toolchain/avr8/avr8-gnu-toolchain/bin/../lib/gcc/avr/5.4.0/avr51\libgcc.a(_copy_data.o)
 .text          0x00000000        0x0 c:/program files (x86)/atmel/studio/7.0/toolchain/avr8/avr8-gnu-toolchain/bin/../lib/gcc/avr/5.4.0/avr51\libgcc.a(_clear_bss.o)
 .data          0x00000000        0x0 c:/program files (x86)/atmel/studio/7.0/toolchain/avr8/avr8-gnu-toolchain/bin/../lib/gcc/avr/5.4.0/avr51\libgcc.a(_clear_bss.o)
 .bss           0x00000000        0x0 c:/program files (x86)/atmel/studio/7.0/toolchain/avr8/avr8-gnu-toolchain/bin/../lib/gcc/avr/5.4.0/avr51\libgcc.a(_clear_bss.o)
 .text.libgcc.mul
                0x00000000        0x0 c:/program files (x86)/atmel/studio/7.0/toolchain/avr8/avr8-gnu-toolchain/bin/../lib/gcc/avr/5.4.0/avr51\libgcc.a(_clear_bss.o)
 .text.libgcc.div
                0x00000000        0x0 c:/program files (x86)/atmel/studio/7.0/toolchain/avr8/avr8-gnu-toolchain/bin/../lib/gcc/avr/5.4.0/avr51\libgcc.a(_clear_bss.o)
 .text.libgcc   0x00000000        0x0 c:/program files (x86)/atmel/studio/7.0/toolchain/avr8/avr8-gnu-toolchain/bin/../lib/gcc/avr/5.4.0/avr51\libgcc.a(_clear_bss.o)
 .text.libgcc.prologue
                0x00000000        0x0 c:/program files (x86)/atmel/studio/7.0/toolchain/avr8/avr8-gnu-toolchain/bin/../lib/gcc/avr/5.4.0/avr51\libgcc.a(_clear_bss.o)
 .text.libgcc.builtins
                0x00000000        0x0 c:/program files (x86)/atmel/studio/7.0/toolchain/avr8/avr8-gnu-toolchain/bin/../lib/gcc/avr/5.4.0/avr51\libgcc.a(_clear_bss.o)
 .text.libgcc.fmul
                0x00000000        0x0 c:/program files (x86)/atmel/studio/7.0/toolchain/avr8/avr8-gnu-toolchain/bin/../lib/gcc/avr/5.4.0/avr51\libgcc.a(_clear_bss.o)
 .text.libgcc.fixed
                0x00000000        0x0 c:/program files (x86)/atmel/studio/7.0/toolchain/avr8/avr8-gnu-toolchain/bin/../lib/gcc/avr/5.4.0/avr51\libgcc.a(_clear_bss.o)
 .text          0x00000000        0x0 c:/program files (x86)/atmel/studio/7.0/toolchain/avr8/avr8-gnu-toolchain/bin/../lib/gcc/avr/5.4.0/../../../../avr/lib/avr51\libc.a(iob.o)
 .data          0x00000000        0x0 c:/program files (x86)/atmel/studio/7.0/toolchain/avr8/avr8-gnu-toolchain/bin/../lib/gcc/avr/5.4.0/../../../../avr/lib/avr51\libc.a(iob.o)
 .bss           0x00000000        0x0 c:/program files (x86)/atmel/studio/7.0/toolchain/avr8/avr8-gnu-toolchain/bin/../lib/gcc/avr/5.4.0/../../../../avr/lib/avr51\libc.a(iob.o)
 .comment       0x00000000       0x31 c:/program files (x86)/atmel/studio/7.0/toolchain/avr8/avr8-gnu-toolchain/bin/../lib/gcc/avr/5.4.0/../../../../avr/lib/avr51\libc.a(iob.o)
 COMMON         0x00000000        0x6 c:/program files (x86)/atmel/studio/7.0/toolchain/avr8/avr8-gnu-toolchain/bin/../lib/gcc/avr/5.4.0/../../../../avr/lib/avr51\libc.a(iob.o)

Memory Configuration

Name             Origin             Length             Attributes
text             0x00000000         0x00020000         xr
data             0x00800200         0x00002000         rw !x
eeprom           0x00810000         0x00001000         rw !x
fuse             0x00820000         0x00000003         rw !x
lock             0x00830000         0x00000400         rw !x
signature        0x00840000         0x00000400         rw !x
user_signatures  0x00850000         0x00000400         rw !x
*default*        0x00000000         0xffffffff

Linker script and memory map

Address of section .data set to 0x800200
LOAD C:/Program Files (x86)/Atmel/Studio/7.0/Packs/Atmel/ATmega_DFP/2.4.522/gcc/dev/atmega1281/avr51/crtatmega1281.o
LOAD boot.o
LOAD library.o
LOAD main.o
LOAD protocol.o
LOAD uart.o
START GROUP
LOAD c:/program files (x86)/atmel/studio/7.0/toolchain/avr8/avr8-gnu-toolchain/bin/../lib/gcc/avr/5.4.0/../../../../avr/lib/avr51\libm.a
END GROUP
Address of section .text set to 0x1e000
Address of section .text set to 0x1e000
START GROUP
LOAD c:/program files (x86)/atmel/studio/7.0/toolchain/avr8/avr8-gnu-toolchain/bin/../lib/gcc/avr/5.4.0/avr51\libgcc.a
LOAD c:/program files (x86)/atmel/studio/7.0/toolchain/avr8/avr8-gnu-toolchain/bin/../lib/gcc/avr/5.4.0/../../../../avr/lib/avr51\libm.a
LOAD c:/program files (x86)/atmel/studio/7.0/toolchain/avr8/avr8-gnu-toolchain/bin/../lib/gcc/avr/5.4.0/../../../../avr/lib/avr51\libc.a
LOAD C:/Program Files (x86)/Atmel/Studio/7.0/Packs/Atmel/ATmega_DFP/2.4.522/gcc/dev/atmega1281/avr51\libatmega1281.a
END GROUP
                0x00000000                __TEXT_REGION_ORIGIN__ = DEFINED (__TEXT_REGION_ORIGIN__)?__TEXT_REGION_ORIGIN__:0x0
                [0x00800200]                __DATA_REGION_ORIGIN__ = DEFINED (__DATA_REGION_ORIGIN__)?__DATA_REGION_ORIGIN__:0x800100
                [0x00020000]                __TEXT_REGION_LENGTH__ = DEFINED (__TEXT_REGION_LENGTH__)?__TEXT_REGION_LENGTH__:0x20000
                [0x00002000]                __DATA_REGION_LENGTH__ = DEFINED (__DATA_REGION_LENGTH__)?__DATA_REGION_LENGTH__:0xff00
                [0x00001000]                __EEPROM_REGION_LENGTH__ = DEFINED (__EEPROM_REGION_LENGTH__)?__EEPROM_REGION_LENGTH__:0x10000
                [0x00000003]                __FUSE_REGION_LENGTH__ = DEFINED (__FUSE_REGION_LENGTH__)?__FUSE_REGION_LENGTH__:0x400
                0x00000400                __LOCK_REGION_LENGTH__ = DEFINED (__LOCK_REGION_LENGTH__)?__LOCK_REGION_LENGTH__:0x400
                0x00000400                __SIGNATURE_REGION_LENGTH__ = DEFINED (__SIGNATURE_REGION_LENGTH__)?__SIGNATURE_REGION_LENGTH__:0x400
                0x00000400                __USER_SIGNATURE_REGION_LENGTH__ = DEFINED (__USER_SIGNATURE_REGION_LENGTH__)?__USER_SIGNATURE_REGION_LENGTH__:0x400

.hash
 *(.hash)

.dynsym
 *(.dynsym)

.dynstr
 *(.dynstr)

.gnu.version
 *(.gnu.version)

.gnu.version_d
 *(.gnu.version_d)

.gnu.version_r
 *(.gnu.version_r)

.rel.init
 *(.rel.init)

.rela.init
 *(.rela.init)

.rel.text
 *(.rel.text)
 *(.rel.text.*)
 *(.rel.gnu.linkonce.t*)

.rela.text
 *(.rela.text)
 *(.rela.text.*)
 *(.rela.gnu.linkonce.t*)

.rel.fini
 *(.rel.fini)

.rela.fini
 *(.rela.fini)

.rel.rodata
 *(.rel.rodata)
 *(.rel.rodata.*)
 *(.rel.gnu.linkonce.r*)

.rela.rodata
 *(.rela.rodata)
 *(.rela.rodata.*)
 *(.rela.gnu.linkonce.r*)

.rel.data
 *(.rel.data)
 *(.rel.data.*)
 *(.rel.gnu.linkonce.d*)

.rela.data
 *(.rela.data)
 *(.rela.data.*)
 *(.rela.gnu.linkonce.d*)

.rel.ctors
 *(.rel.ctors)

.rela.ctors
 *(.rela.ctors)

.rel.dtors
 *(.rel.dtors)

.rela.dtors
 *(.rela.dtors)

.rel.got
 *(.rel.got)

.rela.got
 *(.rela.got)

.rel.bss
 *(.rel.bss)

.rela.bss
 *(.rela.bss)

.rel.plt
 *(.rel.plt)

.rela.plt
 *(.rela.plt)

.text           0x0001e000      0x6b0
 *(.vectors)
 .vectors       0x0001e000       0xcc C:/Program Files (x86)/Atmel/Studio/7.0/Packs/Atmel/ATmega_DFP/2.4.522/gcc/dev/atmega1281/avr51/crtatmega1281.o
                0x0001e000                __vector_default
                0x0001e000                __vectors
 *(.vectors)
 *(.progmem.gcc*)
                0x0001e0cc                . = ALIGN (0x2)
                0x0001e0cc                __trampolines_start = .
 *(.trampolines)
 .trampolines   0x0001e0cc        0x0 linker stubs
 *(.trampolines*)
                0x0001e0cc                __trampolines_end = .
 *libprintf_flt.a:*(.progmem.data)
 *libc.a:*(.progmem.data)
 *(.progmem*)
                0x0001e0cc                . = ALIGN (0x2)
 *(.jumptables)
 *(.jumptables*)
 *(.lowtext)
 *(.lowtext*)
                0x0001e0cc                __ctors_start = .
 *(.ctors)
                0x0001e0cc                __ctors_end = .
                0x0001e0cc                __dtors_start = .
 *(.dtors)
                0x0001e0cc                __dtors_end = .
 SORT(*)(.ctors)
 SORT(*)(.dtors)
 *(.init0)
 .init0         0x0001e0cc        0x0 C:/Program Files (x86)/Atmel/Studio/7.0/Packs/Atmel/ATmega_DFP/2.4.522/gcc/dev/atmega1281/avr51/crtatmega1281.o
                0x0001e0cc                __init
 *(.init0)
 *(.init1)
 *(.init1)
 *(.init2)
 .init2         0x0001e0cc        0xc C:/Program Files (x86)/Atmel/Studio/7.0/Packs/Atmel/ATmega_DFP/2.4.522/gcc/dev/atmega1281/avr51/crtatmega1281.o
 *(.init2)
 *(.init3)
 *(.init3)
 *(.init4)
 .init4         0x0001e0d8       0x1a c:/program files (x86)/atmel/studio/7.0/toolchain/avr8/avr8-gnu-toolchain/bin/../lib/gcc/avr/5.4.0/avr51\libgcc.a(_copy_data.o)
                0x0001e0d8                __do_copy_data
 .init4         0x0001e0f2       0x10 c:/program files (x86)/atmel/studio/7.0/toolchain/avr8/avr8-gnu-toolchain/bin/../lib/gcc/avr/5.4.0/avr51\libgcc.a(_clear_bss.o)
                0x0001e0f2                __do_clear_bss
 *(.init4)
 *(.init5)
 *(.init5)
 *(.init6)
 *(.init6)
 *(.init7)
 *(.init7)
 *(.init8)
 *(.init8)
 *(.init9)
 .init9         0x0001e102        0x4 C:/Program Files (x86)/Atmel/Studio/7.0/Packs/Atmel/ATmega_DFP/2.4.522/gcc/dev/atmega1281/avr51/crtatmega1281.o
 *(.init9)
 *(.text)
 .text          0x0001e106        0x2 C:/Program Files (x86)/Atmel/Studio/7.0/Packs/Atmel/ATmega_DFP/2.4.522/gcc/dev/atmega1281/avr51/crtatmega1281.o
                0x0001e106                __vector_38
                0x0001e106                __vector_22
                0x0001e106                __vector_28
                0x0001e106                __vector_1
                0x0001e106                __vector_32
                0x0001e106                __vector_34
                0x0001e106                __vector_24
                0x0001e106                __vector_12
                0x0001e106                __vector_46
                0x0001e106                __bad_interrupt
                0x0001e106                __vector_6
                0x0001e106                __vector_31
                0x0001e106                __vector_35
                0x0001e106                __vector_39
                0x0001e106                __vector_3
                0x0001e106                __vector_23
                0x0001e106                __vector_30
                0x0001e106                __vector_45
                0x0001e106                __vector_11
                0x0001e106                __vector_13
                0x0001e106                __vector_17
                0x0001e106                __vector_19
                0x0001e106                __vector_7
                0x0001e106                __vector_49
                0x0001e106                __vector_41
                0x0001e106                __vector_43
                0x0001e106                __vector_27
                0x0001e106                __vector_5
                0x0001e106                __vector_33
                0x0001e106                __vector_47
                0x0001e106                __vector_4
                0x0001e106                __vector_44
                0x0001e106                __vector_9
                0x0001e106                __vector_2
                0x0001e106                __vector_21
                0x0001e106                __vector_15
                0x0001e106                __vector_29
                0x0001e106                __vector_40
                0x0001e106                __vector_8
                0x0001e106                __vector_48
                0x0001e106                __vector_14
                0x0001e106                __vector_10
                0x0001e106                __vector_50
                0x0001e106                __vector_16
                0x0001e106                __vector_18
                0x0001e106                __vector_20
                0x0001e106                __vector_42
                0x0001e108                . = ALIGN (0x2)
 *(.text.*)
 .text.flash_page_write
                0x0001e108       0x98 boot.o
                0x0001e108                flash_page_write
 .text.jump_to_app
                0x0001e1a0       0x12 boot.o
                0x0001e1a0                jump_to_app
 .text.run_bootloader
                0x0001e1b2       0xbe main.o
                0x0001e1b2                run_bootloader
 .text.main     0x0001e270       0x9e main.o
                0x0001e270                main
 .text.crc16    0x0001e30e       0x4a protocol.o
                0x0001e30e                crc16
 .text.recv_packet
                0x0001e358      0x13c protocol.o
                0x0001e358                recv_packet
 .text.__vector_25
                0x0001e494       0x52 uart.o
                0x0001e494                __vector_25
 .text.__vector_26
                0x0001e4e6       0x5e uart.o
                0x0001e4e6                __vector_26
 .text.__vector_36
                0x0001e544       0x52 uart.o
                0x0001e544                __vector_36
 .text.__vector_37
                0x0001e596       0x5e uart.o
                0x0001e596                __vector_37
 .text.UART0_init
                0x0001e5f4       0x18 uart.o
                0x0001e5f4                UART0_init
 .text.UART1_init
                0x0001e60c       0x18 uart.o
                0x0001e60c                UART1_init
 .text.USART1_Transmit
                0x0001e624       0x2a uart.o
                0x0001e624                USART1_Transmit
 .text.USART1_Receive
                0x0001e64e       0x24 uart.o
                0x0001e64e                USART1_Receive
 .text.USART1_Available
                0x0001e672       0x14 uart.o
                0x0001e672                USART1_Available
 .text.USART1_RxFlush
                0x0001e686       0x10 uart.o
                0x0001e686                USART1_RxFlush
 .text.USART1_FlushTx
                0x0001e696       0x16 uart.o
                0x0001e696                USART1_FlushTx
                0x0001e6ac                . = ALIGN (0x2)
 *(.fini9)
 .fini9         0x0001e6ac        0x0 c:/program files (x86)/atmel/studio/7.0/toolchain/avr8/avr8-gnu-toolchain/bin/../lib/gcc/avr/5.4.0/avr51\libgcc.a(_exit.o)
                0x0001e6ac                _exit
                0x0001e6ac                exit
 *(.fini9)
 *(.fini8)
 *(.fini8)
 *(.fini7)
 *(.fini7)
 *(.fini6)
 *(.fini6)
 *(.fini5)
 *(.fini5)
 *(.fini4)
 *(.fini4)
 *(.fini3)
 *(.fini3)
 *(.fini2)
 *(.fini2)
 *(.fini1)
 *(.fini1)
 *(.fini0)
 .fini0         0x0001e6ac        0x4 c:/program files (x86)/atmel/studio/7.0/toolchain/avr8/avr8-gnu-toolchain/bin/../lib/gcc/avr/5.4.0/avr51\libgcc.a(_exit.o)
 *(.fini0)
                0x0001e6b0                _etext = .

.data           0x00800200        0x0 load address 0x0001e6b0
                0x00800200                PROVIDE (__data_start, .)
 *(.data)
 *(.data*)
 *(.gnu.linkonce.d*)
 *(.rodata)
 *(.rodata*)
 *(.gnu.linkonce.r*)
                0x00800200                . = ALIGN (0x2)
                0x00800200                _edata = .
                0x00800200                PROVIDE (__data_end, .)

.bss            0x00800200      0x408
                0x00800200                PROVIDE (__bss_start, .)
 *(.bss)
 *(.bss*)
 .bss.tx1_tail  0x00800200        0x1 uart.o
 .bss.tx1_head  0x00800201        0x1 uart.o
 .bss.rx1_tail  0x00800202        0x1 uart.o
 .bss.rx1_head  0x00800203        0x1 uart.o
 .bss.tx1_buf   0x00800204      0x100 uart.o
 .bss.rx1_buf   0x00800304      0x100 uart.o
 .bss.tx0_tail  0x00800404        0x1 uart.o
 .bss.tx0_head  0x00800405        0x1 uart.o
 .bss.rx0_tail  0x00800406        0x1 uart.o
 .bss.rx0_head  0x00800407        0x1 uart.o
 .bss.tx0_buf   0x00800408      0x100 uart.o
 .bss.rx0_buf   0x00800508      0x100 uart.o
 *(COMMON)
                0x00800608                PROVIDE (__bss_end, .)
                0x0001e6b0                __data_load_start = LOADADDR (.data)
                0x0001e6b0                __data_load_end = (__data_load_start + SIZEOF (.data))

.noinit         0x00800608        0x0
                [!provide]                PROVIDE (__noinit_start, .)
 *(.noinit*)
                [!provide]                PROVIDE (__noinit_end, .)
                0x00800608                _end = .
                [!provide]                PROVIDE (__heap_start, .)

.eeprom         0x00810000        0x0
 *(.eeprom*)
                0x00810000                __eeprom_end = .

.fuse
 *(.fuse)
 *(.lfuse)
 *(.hfuse)
 *(.efuse)

.lock
 *(.lock*)

.signature
 *(.signature*)

.user_signatures
 *(.user_signatures*)

.stab
 *(.stab)

.stabstr
 *(.stabstr)

.stab.excl
 *(.stab.excl)

.stab.exclstr
 *(.stab.exclstr)

.stab.index
 *(.stab.index)

.stab.indexstr
 *(.stab.indexstr)

.comment        0x00000000       0x30
 *(.comment)
 .comment       0x00000000       0x30 boot.o
                                 0x31 (size before relaxing)
 .comment       0x00000030       0x31 main.o
 .comment       0x00000030       0x31 protocol.o
 .comment       0x00000030       0x31 uart.o

.note.gnu.avr.deviceinfo
                0x00000000       0x40
 .note.gnu.avr.deviceinfo
                0x00000000       0x40 C:/Program Files (x86)/Atmel/Studio/7.0/Packs/Atmel/ATmega_DFP/2.4.522/gcc/dev/atmega1281/avr51/crtatmega1281.o

.note.gnu.build-id
 *(.note.gnu.build-id)

.debug
 *(.debug)

.line
 *(.line)

.debug_srcinfo
 *(.debug_srcinfo)

.debug_sfnames
 *(.debug_sfnames)

.debug_aranges  0x00000000      0x110
 *(.debug_aranges)
 .debug_aranges
                0x00000000       0x28 boot.o
 .debug_aranges
                0x00000028       0x28 main.o
 .debug_aranges
                0x00000050       0x28 protocol.o
 .debug_aranges
                0x00000078       0x98 uart.o

.debug_pubnames
 *(.debug_pubnames)

.debug_info     0x00000000     0x17a6
 *(.debug_info .gnu.linkonce.wi.*)
 .debug_info    0x00000000      0xa07 C:/Program Files (x86)/Atmel/Studio/7.0/Packs/Atmel/ATmega_DFP/2.4.522/gcc/dev/atmega1281/avr51/crtatmega1281.o
 .debug_info    0x00000a07      0x11b boot.o
 .debug_info    0x00000b22      0x521 main.o
 .debug_info    0x00001043      0x29b protocol.o
 .debug_info    0x000012de      0x4c8 uart.o

.debug_abbrev   0x00000000      0xf31
 *(.debug_abbrev)
 .debug_abbrev  0x00000000      0x97c C:/Program Files (x86)/Atmel/Studio/7.0/Packs/Atmel/ATmega_DFP/2.4.522/gcc/dev/atmega1281/avr51/crtatmega1281.o
 .debug_abbrev  0x0000097c       0xb9 boot.o
 .debug_abbrev  0x00000a35      0x18c main.o
 .debug_abbrev  0x00000bc1      0x169 protocol.o
 .debug_abbrev  0x00000d2a      0x207 uart.o

.debug_line     0x00000000      0xb28
 *(.debug_line .debug_line.* .debug_line_end)
 .debug_line    0x00000000      0x1ca C:/Program Files (x86)/Atmel/Studio/7.0/Packs/Atmel/ATmega_DFP/2.4.522/gcc/dev/atmega1281/avr51/crtatmega1281.o
 .debug_line    0x000001ca      0x12b boot.o
 .debug_line    0x000002f5      0x2e8 main.o
 .debug_line    0x000005dd      0x21d protocol.o
 .debug_line    0x000007fa      0x32e uart.o

.debug_frame    0x00000000      0x2bc
 *(.debug_frame)
 .debug_frame   0x00000000       0x5c boot.o
 .debug_frame   0x0000005c       0x68 main.o
 .debug_frame   0x000000c4       0x5c protocol.o
 .debug_frame   0x00000120      0x19c uart.o

.debug_str      0x00000000      0x781
 *(.debug_str)
 .debug_str     0x00000000      0x361 C:/Program Files (x86)/Atmel/Studio/7.0/Packs/Atmel/ATmega_DFP/2.4.522/gcc/dev/atmega1281/avr51/crtatmega1281.o
 .debug_str     0x00000361      0x1a5 boot.o
                                0x1de (size before relaxing)
 .debug_str     0x00000506      0x126 main.o
                                0x2ff (size before relaxing)
 .debug_str     0x0000062c       0x1d protocol.o
                                0x22c (size before relaxing)
 .debug_str     0x00000649      0x138 uart.o
                                0x33f (size before relaxing)

.debug_loc      0x00000000      0x8d0
 *(.debug_loc)
 .debug_loc     0x00000000       0xbd boot.o
 .debug_loc     0x000000bd      0x3be main.o
 .debug_loc     0x0000047b      0x1da protocol.o
 .debug_loc     0x00000655      0x27b uart.o

.debug_macinfo
 *(.debug_macinfo)

.debug_weaknames
 *(.debug_weaknames)

.debug_funcnames
 *(.debug_funcnames)

.debug_typenames
 *(.debug_typenames)

.debug_varnames
 *(.debug_varnames)

.debug_pubtypes
 *(.debug_pubtypes)

.debug_ranges   0x00000000      0x118
 *(.debug_ranges)
 .debug_ranges  0x00000000       0x18 boot.o
 .debug_ranges  0x00000018       0x48 main.o
 .debug_ranges  0x00000060       0x30 protocol.o
 .debug_ranges  0x00000090       0x88 uart.o

.debug_macro
 *(.debug_macro)
OUTPUT(7) BLE-UART Bootloader.elf elf32-avr)
LOAD linker stubs
