Archive member included to satisfy reference by file (symbol)

c:/program files (x86)/atmel/studio/7.0/toolchain/avr8/avr8-gnu-toolchain/bin/../lib/gcc/avr/5.4.0/avr51\libgcc.a(_exit.o)
                              C:/Program Files (x86)/Atmel/Studio/7.0/Packs/Atmel/ATmega_DFP/2.4.522/gcc/dev/atmega1281/avr51/crtatmega1281.o (exit)

Discarded input sections

 .data          0x00000000        0x0 C:/Program Files (x86)/Atmel/Studio/7.0/Packs/Atmel/ATmega_DFP/2.4.522/gcc/dev/atmega1281/avr51/crtatmega1281.o
 .bss           0x00000000        0x0 C:/Program Files (x86)/Atmel/Studio/7.0/Packs/Atmel/ATmega_DFP/2.4.522/gcc/dev/atmega1281/avr51/crtatmega1281.o
 .text          0x00000000        0x0 library.o
 .data          0x00000000        0x0 library.o
 .bss           0x00000000        0x0 library.o
 .text.myfunc   0x00000000        0x6 library.o
 .debug_info    0x00000000       0x7c library.o
 .debug_abbrev  0x00000000       0x46 library.o
 .debug_aranges
                0x00000000       0x20 library.o
 .debug_ranges  0x00000000       0x10 library.o
 .debug_line    0x00000000       0x42 library.o
 .debug_str     0x00000000      0x198 library.o
 .comment       0x00000000       0x31 library.o
 .debug_frame   0x00000000       0x24 library.o
 .text          0x00000000        0x0 main.o
 .data          0x00000000        0x0 main.o
 .bss           0x00000000        0x0 main.o
 .text          0x00000000        0x0 c:/program files (x86)/atmel/studio/7.0/toolchain/avr8/avr8-gnu-toolchain/bin/../lib/gcc/avr/5.4.0/avr51\libgcc.a(_exit.o)
 .data          0x00000000        0x0 c:/program files (x86)/atmel/studio/7.0/toolchain/avr8/avr8-gnu-toolchain/bin/../lib/gcc/avr/5.4.0/avr51\libgcc.a(_exit.o)
 .bss           0x00000000        0x0 c:/program files (x86)/atmel/studio/7.0/toolchain/avr8/avr8-gnu-toolchain/bin/../lib/gcc/avr/5.4.0/avr51\libgcc.a(_exit.o)
 .text.libgcc.mul
                0x00000000        0x0 c:/program files (x86)/atmel/studio/7.0/toolchain/avr8/avr8-gnu-toolchain/bin/../lib/gcc/avr/5.4.0/avr51\libgcc.a(_exit.o)
 .text.libgcc.div
                0x00000000        0x0 c:/program files (x86)/atmel/studio/7.0/toolchain/avr8/avr8-gnu-toolchain/bin/../lib/gcc/avr/5.4.0/avr51\libgcc.a(_exit.o)
 .text.libgcc   0x00000000        0x0 c:/program files (x86)/atmel/studio/7.0/toolchain/avr8/avr8-gnu-toolchain/bin/../lib/gcc/avr/5.4.0/avr51\libgcc.a(_exit.o)
 .text.libgcc.prologue
                0x00000000        0x0 c:/program files (x86)/atmel/studio/7.0/toolchain/avr8/avr8-gnu-toolchain/bin/../lib/gcc/avr/5.4.0/avr51\libgcc.a(_exit.o)
 .text.libgcc.builtins
                0x00000000        0x0 c:/program files (x86)/atmel/studio/7.0/toolchain/avr8/avr8-gnu-toolchain/bin/../lib/gcc/avr/5.4.0/avr51\libgcc.a(_exit.o)
 .text.libgcc.fmul
                0x00000000        0x0 c:/program files (x86)/atmel/studio/7.0/toolchain/avr8/avr8-gnu-toolchain/bin/../lib/gcc/avr/5.4.0/avr51\libgcc.a(_exit.o)
 .text.libgcc.fixed
                0x00000000        0x0 c:/program files (x86)/atmel/studio/7.0/toolchain/avr8/avr8-gnu-toolchain/bin/../lib/gcc/avr/5.4.0/avr51\libgcc.a(_exit.o)

Memory Configuration

Name             Origin             Length             Attributes
text             0x00000000         0x00020000         xr
data             0x00800200         0x00002000         rw !x
eeprom           0x00810000         0x00001000         rw !x
fuse             0x00820000         0x00000003         rw !x
lock             0x00830000         0x00000400         rw !x
signature        0x00840000         0x00000400         rw !x
user_signatures  0x00850000         0x00000400         rw !x
*default*        0x00000000         0xffffffff

Linker script and memory map

Address of section .data set to 0x800200
LOAD C:/Program Files (x86)/Atmel/Studio/7.0/Packs/Atmel/ATmega_DFP/2.4.522/gcc/dev/atmega1281/avr51/crtatmega1281.o
LOAD library.o
LOAD main.o
START GROUP
LOAD c:/program files (x86)/atmel/studio/7.0/toolchain/avr8/avr8-gnu-toolchain/bin/../lib/gcc/avr/5.4.0/../../../../avr/lib/avr51\libm.a
END GROUP
Address of section .text set to 0xfe00
Address of section .text set to 0x1fc00
START GROUP
LOAD c:/program files (x86)/atmel/studio/7.0/toolchain/avr8/avr8-gnu-toolchain/bin/../lib/gcc/avr/5.4.0/avr51\libgcc.a
LOAD c:/program files (x86)/atmel/studio/7.0/toolchain/avr8/avr8-gnu-toolchain/bin/../lib/gcc/avr/5.4.0/../../../../avr/lib/avr51\libm.a
LOAD c:/program files (x86)/atmel/studio/7.0/toolchain/avr8/avr8-gnu-toolchain/bin/../lib/gcc/avr/5.4.0/../../../../avr/lib/avr51\libc.a
LOAD C:/Program Files (x86)/Atmel/Studio/7.0/Packs/Atmel/ATmega_DFP/2.4.522/gcc/dev/atmega1281/avr51\libatmega1281.a
END GROUP
                0x00000000                __TEXT_REGION_ORIGIN__ = DEFINED (__TEXT_REGION_ORIGIN__)?__TEXT_REGION_ORIGIN__:0x0
                [0x00800200]                __DATA_REGION_ORIGIN__ = DEFINED (__DATA_REGION_ORIGIN__)?__DATA_REGION_ORIGIN__:0x800100
                [0x00020000]                __TEXT_REGION_LENGTH__ = DEFINED (__TEXT_REGION_LENGTH__)?__TEXT_REGION_LENGTH__:0x20000
                [0x00002000]                __DATA_REGION_LENGTH__ = DEFINED (__DATA_REGION_LENGTH__)?__DATA_REGION_LENGTH__:0xff00
                [0x00001000]                __EEPROM_REGION_LENGTH__ = DEFINED (__EEPROM_REGION_LENGTH__)?__EEPROM_REGION_LENGTH__:0x10000
                [0x00000003]                __FUSE_REGION_LENGTH__ = DEFINED (__FUSE_REGION_LENGTH__)?__FUSE_REGION_LENGTH__:0x400
                0x00000400                __LOCK_REGION_LENGTH__ = DEFINED (__LOCK_REGION_LENGTH__)?__LOCK_REGION_LENGTH__:0x400
                0x00000400                __SIGNATURE_REGION_LENGTH__ = DEFINED (__SIGNATURE_REGION_LENGTH__)?__SIGNATURE_REGION_LENGTH__:0x400
                0x00000400                __USER_SIGNATURE_REGION_LENGTH__ = DEFINED (__USER_SIGNATURE_REGION_LENGTH__)?__USER_SIGNATURE_REGION_LENGTH__:0x400

.hash
 *(.hash)

.dynsym
 *(.dynsym)

.dynstr
 *(.dynstr)

.gnu.version
 *(.gnu.version)

.gnu.version_d
 *(.gnu.version_d)

.gnu.version_r
 *(.gnu.version_r)

.rel.init
 *(.rel.init)

.rela.init
 *(.rela.init)

.rel.text
 *(.rel.text)
 *(.rel.text.*)
 *(.rel.gnu.linkonce.t*)

.rela.text
 *(.rela.text)
 *(.rela.text.*)
 *(.rela.gnu.linkonce.t*)

.rel.fini
 *(.rel.fini)

.rela.fini
 *(.rela.fini)

.rel.rodata
 *(.rel.rodata)
 *(.rel.rodata.*)
 *(.rel.gnu.linkonce.r*)

.rela.rodata
 *(.rela.rodata)
 *(.rela.rodata.*)
 *(.rela.gnu.linkonce.r*)

.rel.data
 *(.rel.data)
 *(.rel.data.*)
 *(.rel.gnu.linkonce.d*)

.rela.data
 *(.rela.data)
 *(.rela.data.*)
 *(.rela.gnu.linkonce.d*)

.rel.ctors
 *(.rel.ctors)

.rela.ctors
 *(.rela.ctors)

.rel.dtors
 *(.rel.dtors)

.rela.dtors
 *(.rela.dtors)

.rel.got
 *(.rel.got)

.rela.got
 *(.rela.got)

.rel.bss
 *(.rel.bss)

.rela.bss
 *(.rela.bss)

.rel.plt
 *(.rel.plt)

.rela.plt
 *(.rela.plt)

.text           0x0001fc00      0x28c
 *(.vectors)
 .vectors       0x0001fc00       0xcc C:/Program Files (x86)/Atmel/Studio/7.0/Packs/Atmel/ATmega_DFP/2.4.522/gcc/dev/atmega1281/avr51/crtatmega1281.o
                0x0001fc00                __vector_default
                0x0001fc00                __vectors
 *(.vectors)
 *(.progmem.gcc*)
                0x0001fccc                . = ALIGN (0x2)
                0x0001fccc                __trampolines_start = .
 *(.trampolines)
 .trampolines   0x0001fccc        0x0 linker stubs
 *(.trampolines*)
                0x0001fccc                __trampolines_end = .
 *libprintf_flt.a:*(.progmem.data)
 *libc.a:*(.progmem.data)
 *(.progmem*)
                0x0001fccc                . = ALIGN (0x2)
 *(.jumptables)
 *(.jumptables*)
 *(.lowtext)
 *(.lowtext*)
                0x0001fccc                __ctors_start = .
 *(.ctors)
                0x0001fccc                __ctors_end = .
                0x0001fccc                __dtors_start = .
 *(.dtors)
                0x0001fccc                __dtors_end = .
 SORT(*)(.ctors)
 SORT(*)(.dtors)
 *(.init0)
 .init0         0x0001fccc        0x0 C:/Program Files (x86)/Atmel/Studio/7.0/Packs/Atmel/ATmega_DFP/2.4.522/gcc/dev/atmega1281/avr51/crtatmega1281.o
                0x0001fccc                __init
 *(.init0)
 *(.init1)
 *(.init1)
 *(.init2)
 .init2         0x0001fccc        0xc C:/Program Files (x86)/Atmel/Studio/7.0/Packs/Atmel/ATmega_DFP/2.4.522/gcc/dev/atmega1281/avr51/crtatmega1281.o
 *(.init2)
 *(.init3)
 *(.init3)
 *(.init4)
 *(.init4)
 *(.init5)
 *(.init5)
 *(.init6)
 *(.init6)
 *(.init7)
 *(.init7)
 *(.init8)
 *(.init8)
 *(.init9)
 .init9         0x0001fcd8        0x4 C:/Program Files (x86)/Atmel/Studio/7.0/Packs/Atmel/ATmega_DFP/2.4.522/gcc/dev/atmega1281/avr51/crtatmega1281.o
 *(.init9)
 *(.text)
 .text          0x0001fcdc        0x2 C:/Program Files (x86)/Atmel/Studio/7.0/Packs/Atmel/ATmega_DFP/2.4.522/gcc/dev/atmega1281/avr51/crtatmega1281.o
                0x0001fcdc                __vector_38
                0x0001fcdc                __vector_22
                0x0001fcdc                __vector_28
                0x0001fcdc                __vector_1
                0x0001fcdc                __vector_32
                0x0001fcdc                __vector_34
                0x0001fcdc                __vector_24
                0x0001fcdc                __vector_12
                0x0001fcdc                __vector_46
                0x0001fcdc                __bad_interrupt
                0x0001fcdc                __vector_6
                0x0001fcdc                __vector_31
                0x0001fcdc                __vector_35
                0x0001fcdc                __vector_39
                0x0001fcdc                __vector_3
                0x0001fcdc                __vector_23
                0x0001fcdc                __vector_30
                0x0001fcdc                __vector_45
                0x0001fcdc                __vector_25
                0x0001fcdc                __vector_11
                0x0001fcdc                __vector_13
                0x0001fcdc                __vector_17
                0x0001fcdc                __vector_19
                0x0001fcdc                __vector_7
                0x0001fcdc                __vector_49
                0x0001fcdc                __vector_41
                0x0001fcdc                __vector_43
                0x0001fcdc                __vector_27
                0x0001fcdc                __vector_5
                0x0001fcdc                __vector_33
                0x0001fcdc                __vector_47
                0x0001fcdc                __vector_37
                0x0001fcdc                __vector_4
                0x0001fcdc                __vector_44
                0x0001fcdc                __vector_9
                0x0001fcdc                __vector_2
                0x0001fcdc                __vector_21
                0x0001fcdc                __vector_15
                0x0001fcdc                __vector_36
                0x0001fcdc                __vector_29
                0x0001fcdc                __vector_40
                0x0001fcdc                __vector_8
                0x0001fcdc                __vector_26
                0x0001fcdc                __vector_48
                0x0001fcdc                __vector_14
                0x0001fcdc                __vector_10
                0x0001fcdc                __vector_50
                0x0001fcdc                __vector_16
                0x0001fcdc                __vector_18
                0x0001fcdc                __vector_20
                0x0001fcdc                __vector_42
                0x0001fcde                . = ALIGN (0x2)
 *(.text.*)
 .text.flash_erase
                0x0001fcde       0x1e main.o
                0x0001fcde                flash_erase
 .text.flash_fill
                0x0001fcfc       0x6a main.o
                0x0001fcfc                flash_fill
 .text.flash_write
                0x0001fd66       0x1e main.o
                0x0001fd66                flash_write
 .text.flash_page_write
                0x0001fd84       0x3a main.o
                0x0001fd84                flash_page_write
 .text.make_test_data
                0x0001fdbe       0x1c main.o
                0x0001fdbe                make_test_data
 .text.main     0x0001fdda       0xae main.o
                0x0001fdda                main
                0x0001fe88                . = ALIGN (0x2)
 *(.fini9)
 .fini9         0x0001fe88        0x0 c:/program files (x86)/atmel/studio/7.0/toolchain/avr8/avr8-gnu-toolchain/bin/../lib/gcc/avr/5.4.0/avr51\libgcc.a(_exit.o)
                0x0001fe88                _exit
                0x0001fe88                exit
 *(.fini9)
 *(.fini8)
 *(.fini8)
 *(.fini7)
 *(.fini7)
 *(.fini6)
 *(.fini6)
 *(.fini5)
 *(.fini5)
 *(.fini4)
 *(.fini4)
 *(.fini3)
 *(.fini3)
 *(.fini2)
 *(.fini2)
 *(.fini1)
 *(.fini1)
 *(.fini0)
 .fini0         0x0001fe88        0x4 c:/program files (x86)/atmel/studio/7.0/toolchain/avr8/avr8-gnu-toolchain/bin/../lib/gcc/avr/5.4.0/avr51\libgcc.a(_exit.o)
 *(.fini0)
                0x0001fe8c                _etext = .

.data           0x00800200        0x0 load address 0x0001fe8c
                [!provide]                PROVIDE (__data_start, .)
 *(.data)
 *(.data*)
 *(.gnu.linkonce.d*)
 *(.rodata)
 *(.rodata*)
 *(.gnu.linkonce.r*)
                0x00800200                . = ALIGN (0x2)
                0x00800200                _edata = .
                [!provide]                PROVIDE (__data_end, .)

.bss            0x00800200        0x0
                [!provide]                PROVIDE (__bss_start, .)
 *(.bss)
 *(.bss*)
 *(COMMON)
                [!provide]                PROVIDE (__bss_end, .)
                0x0001fe8c                __data_load_start = LOADADDR (.data)
                0x0001fe8c                __data_load_end = (__data_load_start + SIZEOF (.data))

.noinit         0x00800200        0x0
                [!provide]                PROVIDE (__noinit_start, .)
 *(.noinit*)
                [!provide]                PROVIDE (__noinit_end, .)
                0x00800200                _end = .
                [!provide]                PROVIDE (__heap_start, .)

.eeprom         0x00810000        0x0
 *(.eeprom*)
                0x00810000                __eeprom_end = .

.fuse
 *(.fuse)
 *(.lfuse)
 *(.hfuse)
 *(.efuse)

.lock
 *(.lock*)

.signature
 *(.signature*)

.user_signatures
 *(.user_signatures*)

.stab
 *(.stab)

.stabstr
 *(.stabstr)

.stab.excl
 *(.stab.excl)

.stab.exclstr
 *(.stab.exclstr)

.stab.index
 *(.stab.index)

.stab.indexstr
 *(.stab.indexstr)

.comment        0x00000000       0x30
 *(.comment)
 .comment       0x00000000       0x30 main.o
                                 0x31 (size before relaxing)

.note.gnu.avr.deviceinfo
                0x00000000       0x40
 .note.gnu.avr.deviceinfo
                0x00000000       0x40 C:/Program Files (x86)/Atmel/Studio/7.0/Packs/Atmel/ATmega_DFP/2.4.522/gcc/dev/atmega1281/avr51/crtatmega1281.o

.note.gnu.build-id
 *(.note.gnu.build-id)

.debug
 *(.debug)

.line
 *(.line)

.debug_srcinfo
 *(.debug_srcinfo)

.debug_sfnames
 *(.debug_sfnames)

.debug_aranges  0x00000000       0x48
 *(.debug_aranges)
 .debug_aranges
                0x00000000       0x48 main.o

.debug_pubnames
 *(.debug_pubnames)

.debug_info     0x00000000      0xdc6
 *(.debug_info .gnu.linkonce.wi.*)
 .debug_info    0x00000000      0xa07 C:/Program Files (x86)/Atmel/Studio/7.0/Packs/Atmel/ATmega_DFP/2.4.522/gcc/dev/atmega1281/avr51/crtatmega1281.o
 .debug_info    0x00000a07      0x3bf main.o

.debug_abbrev   0x00000000      0xb2f
 *(.debug_abbrev)
 .debug_abbrev  0x00000000      0x97c C:/Program Files (x86)/Atmel/Studio/7.0/Packs/Atmel/ATmega_DFP/2.4.522/gcc/dev/atmega1281/avr51/crtatmega1281.o
 .debug_abbrev  0x0000097c      0x1b3 main.o

.debug_line     0x00000000      0x46e
 *(.debug_line .debug_line.* .debug_line_end)
 .debug_line    0x00000000      0x1ca C:/Program Files (x86)/Atmel/Studio/7.0/Packs/Atmel/ATmega_DFP/2.4.522/gcc/dev/atmega1281/avr51/crtatmega1281.o
 .debug_line    0x000001ca      0x2a4 main.o

.debug_frame    0x00000000       0xd0
 *(.debug_frame)
 .debug_frame   0x00000000       0xd0 main.o

.debug_str      0x00000000      0x57b
 *(.debug_str)
 .debug_str     0x00000000      0x361 C:/Program Files (x86)/Atmel/Studio/7.0/Packs/Atmel/ATmega_DFP/2.4.522/gcc/dev/atmega1281/avr51/crtatmega1281.o
 .debug_str     0x00000361      0x21a main.o
                                0x24e (size before relaxing)

.debug_loc      0x00000000      0x369
 *(.debug_loc)
 .debug_loc     0x00000000      0x369 main.o

.debug_macinfo
 *(.debug_macinfo)

.debug_weaknames
 *(.debug_weaknames)

.debug_funcnames
 *(.debug_funcnames)

.debug_typenames
 *(.debug_typenames)

.debug_varnames
 *(.debug_varnames)

.debug_pubtypes
 *(.debug_pubtypes)

.debug_ranges   0x00000000       0x38
 *(.debug_ranges)
 .debug_ranges  0x00000000       0x38 main.o

.debug_macro
 *(.debug_macro)
OUTPUT(2) Flash_Read_Write.elf elf32-avr)
LOAD linker stubs
